[    0.000000] Linux version 4.15.0-36-generic (buildd@lgw01-amd64-031) (gcc version 7.3.0 (Ubuntu 7.3.0-16ubuntu3)) #39-Ubuntu SMP Mon Sep 24 16:19:09 UTC 2018 (Ubuntu 4.15.0-36.39-generic 4.15.18)
[    0.000000] Command line: BOOT_IMAGE=/boot/vmlinuz-4.15.0-36-generic root=LABEL=cloudimg-rootfs ro console=tty1 console=ttyS0
[    0.000000] KERNEL supported cpus:
[    0.000000]   Intel GenuineIntel
[    0.000000]   AMD AuthenticAMD
[    0.000000]   Centaur CentaurHauls
[    0.000000] x86/fpu: Supporting XSAVE feature 0x001: 'x87 floating point registers'
[    0.000000] x86/fpu: Supporting XSAVE feature 0x002: 'SSE registers'
[    0.000000] x86/fpu: Supporting XSAVE feature 0x004: 'AVX registers'
[    0.000000] x86/fpu: xstate_offset[2]:  576, xstate_sizes[2]:  256
[    0.000000] x86/fpu: Enabled xstate features 0x7, context size is 832 bytes, using 'standard' format.
[    0.000000] e820: BIOS-provided physical RAM map:
[    0.000000] BIOS-e820: [mem 0x0000000000000000-0x000000000009fbff] usable
[    0.000000] BIOS-e820: [mem 0x000000000009fc00-0x000000000009ffff] reserved
[    0.000000] BIOS-e820: [mem 0x00000000000f0000-0x00000000000fffff] reserved
[    0.000000] BIOS-e820: [mem 0x0000000000100000-0x000000007ffeffff] usable
[    0.000000] BIOS-e820: [mem 0x000000007fff0000-0x000000007fffffff] ACPI data
[    0.000000] BIOS-e820: [mem 0x00000000fec00000-0x00000000fec00fff] reserved
[    0.000000] BIOS-e820: [mem 0x00000000fee00000-0x00000000fee00fff] reserved
[    0.000000] BIOS-e820: [mem 0x00000000fffc0000-0x00000000ffffffff] reserved
[    0.000000] NX (Execute Disable) protection: active
[    0.000000] SMBIOS 2.5 present.
[    0.000000] DMI: innotek GmbH VirtualBox/VirtualBox, BIOS VirtualBox 12/01/2006
[    0.000000] Hypervisor detected: KVM
[    0.000000] e820: last_pfn = 0x7fff0 max_arch_pfn = 0x400000000
[    0.000000] MTRR: Disabled
[    0.000000] x86/PAT: MTRRs disabled, skipping PAT initialization too.
[    0.000000] CPU MTRRs all blank - virtualized system.
[    0.000000] x86/PAT: Configuration [0-7]: WB  WT  UC- UC  WB  WT  UC- UC  
[    0.000000] found SMP MP-table at [mem 0x0009fff0-0x0009ffff] mapped at [        (ptrval)]
[    0.000000] Scanning 1 areas for low memory corruption
[    0.000000] RAMDISK: [mem 0x35ae1000-0x36d67fff]
[    0.000000] ACPI: Early table checksum verification disabled
[    0.000000] ACPI: RSDP 0x00000000000E0000 000024 (v02 VBOX  )
[    0.000000] ACPI: XSDT 0x000000007FFF0030 00003C (v01 VBOX   VBOXXSDT 00000001 ASL  00000061)
[    0.000000] ACPI: FACP 0x000000007FFF00F0 0000F4 (v04 VBOX   VBOXFACP 00000001 ASL  00000061)
[    0.000000] ACPI: DSDT 0x000000007FFF0470 0021FF (v02 VBOX   VBOXBIOS 00000002 INTL 20100528)
[    0.000000] ACPI: FACS 0x000000007FFF0200 000040
[    0.000000] ACPI: FACS 0x000000007FFF0200 000040
[    0.000000] ACPI: APIC 0x000000007FFF0240 000054 (v02 VBOX   VBOXAPIC 00000001 ASL  00000061)
[    0.000000] ACPI: SSDT 0x000000007FFF02A0 0001CC (v01 VBOX   VBOXCPUT 00000002 INTL 20100528)
[    0.000000] No NUMA configuration found
[    0.000000] Faking a node at [mem 0x0000000000000000-0x000000007ffeffff]
[    0.000000] NODE_DATA(0) allocated [mem 0x7ffc5000-0x7ffeffff]
[    0.000000] kvm-clock: cpu 0, msr 0:7ff44001, primary cpu clock
[    0.000000] kvm-clock: Using msrs 4b564d01 and 4b564d00
[    0.000000] kvm-clock: using sched offset of 4170360653 cycles
[    0.000000] clocksource: kvm-clock: mask: 0xffffffffffffffff max_cycles: 0x1cd42e4dffb, max_idle_ns: 881590591483 ns
[    0.000000] Zone ranges:
[    0.000000]   DMA      [mem 0x0000000000001000-0x0000000000ffffff]
[    0.000000]   DMA32    [mem 0x0000000001000000-0x000000007ffeffff]
[    0.000000]   Normal   empty
[    0.000000]   Device   empty
[    0.000000] Movable zone start for each node
[    0.000000] Early memory node ranges
[    0.000000]   node   0: [mem 0x0000000000001000-0x000000000009efff]
[    0.000000]   node   0: [mem 0x0000000000100000-0x000000007ffeffff]
[    0.000000] Initmem setup node 0 [mem 0x0000000000001000-0x000000007ffeffff]
[    0.000000] Reserved but unavailable: 98 pages
[    0.000000] ACPI: PM-Timer IO Port: 0x4008
[    0.000000] IOAPIC[0]: apic_id 1, version 32, address 0xfec00000, GSI 0-23
[    0.000000] ACPI: INT_SRC_OVR (bus 0 bus_irq 0 global_irq 2 dfl dfl)
[    0.000000] ACPI: INT_SRC_OVR (bus 0 bus_irq 9 global_irq 9 low level)
[    0.000000] Using ACPI (MADT) for SMP configuration information
[    0.000000] smpboot: Allowing 1 CPUs, 0 hotplug CPUs
[    0.000000] PM: Registered nosave memory: [mem 0x00000000-0x00000fff]
[    0.000000] PM: Registered nosave memory: [mem 0x0009f000-0x0009ffff]
[    0.000000] PM: Registered nosave memory: [mem 0x000a0000-0x000effff]
[    0.000000] PM: Registered nosave memory: [mem 0x000f0000-0x000fffff]
[    0.000000] e820: [mem 0x80000000-0xfebfffff] available for PCI devices
[    0.000000] Booting paravirtualized kernel on KVM
[    0.000000] clocksource: refined-jiffies: mask: 0xffffffff max_cycles: 0xffffffff, max_idle_ns: 7645519600211568 ns
[    0.000000] random: get_random_bytes called from start_kernel+0x99/0x4fd with crng_init=0
[    0.000000] setup_percpu: NR_CPUS:8192 nr_cpumask_bits:1 nr_cpu_ids:1 nr_node_ids:1
[    0.000000] percpu: Embedded 46 pages/cpu @        (ptrval) s151552 r8192 d28672 u2097152
[    0.000000] PV qspinlock hash table entries: 256 (order: 0, 4096 bytes)
[    0.000000] Built 1 zonelists, mobility grouping on.  Total pages: 515961
[    0.000000] Policy zone: DMA32
[    0.000000] Kernel command line: BOOT_IMAGE=/boot/vmlinuz-4.15.0-36-generic root=LABEL=cloudimg-rootfs ro console=tty1 console=ttyS0
[    0.000000] Memory: 2015988K/2096696K available (12300K kernel code, 2472K rwdata, 4248K rodata, 2408K init, 2416K bss, 80708K reserved, 0K cma-reserved)
[    0.000000] SLUB: HWalign=64, Order=0-3, MinObjects=0, CPUs=1, Nodes=1
[    0.000000] Kernel/User page tables isolation: enabled
[    0.000000] ftrace: allocating 39168 entries in 154 pages
[    0.004000] Hierarchical RCU implementation.
[    0.004000] 	RCU restricting CPUs from NR_CPUS=8192 to nr_cpu_ids=1.
[    0.004000] 	Tasks RCU enabled.
[    0.004000] RCU: Adjusting geometry for rcu_fanout_leaf=16, nr_cpu_ids=1
[    0.004000] NR_IRQS: 524544, nr_irqs: 256, preallocated irqs: 16
[    0.004000] Console: colour VGA+ 80x25
[    0.004000] console [tty1] enabled
[    0.004000] console [ttyS0] enabled
[    0.004000] ACPI: Core revision 20170831
[    0.004000] ACPI: 2 ACPI AML tables successfully acquired and loaded
[    0.004000] APIC: Switch to symmetric I/O mode setup
[    0.004000] x2apic enabled
[    0.004006] Switched APIC routing to physical x2apic.
[    0.009019] ..TIMER: vector=0x30 apic1=0 pin1=2 apic2=-1 pin2=-1
[    0.012003] tsc: Detected 2699.998 MHz processor
[    0.016012] Calibrating delay loop (skipped) preset value.. 5399.99 BogoMIPS (lpj=10799992)
[    0.020008] pid_max: default: 32768 minimum: 301
[    0.024038] Security Framework initialized
[    0.028002] Yama: becoming mindful.
[    0.029146] AppArmor: AppArmor initialized
[    0.033826] Dentry cache hash table entries: 262144 (order: 9, 2097152 bytes)
[    0.040046] Inode-cache hash table entries: 131072 (order: 8, 1048576 bytes)
[    0.042296] Mount-cache hash table entries: 4096 (order: 3, 32768 bytes)
[    0.044010] Mountpoint-cache hash table entries: 4096 (order: 3, 32768 bytes)
[    0.048247] mce: CPU supports 0 MCE banks
[    0.052023] process: using mwait in idle threads
[    0.053690] Last level iTLB entries: 4KB 64, 2MB 8, 4MB 8
[    0.056008] Last level dTLB entries: 4KB 64, 2MB 0, 4MB 0, 1GB 4
[    0.060008] Spectre V2 : Mitigation: Full generic retpoline
[    0.061792] Spectre V2 : Spectre v2 / SpectreRSB mitigation: Filling RSB on context switch
[    0.064008] Speculative Store Bypass: Vulnerable
[    0.081019] Freeing SMP alternatives memory: 36K
[    0.084000] smpboot: CPU0: Intel(R) Core(TM) i5-5257U CPU @ 2.70GHz (family: 0x6, model: 0x3d, stepping: 0x4)
[    0.084082] Performance Events: unsupported p6 CPU model 61 no PMU driver, software events only.
[    0.088059] Hierarchical SRCU implementation.
[    0.092622] NMI watchdog: Perf event create on CPU 0 failed with -2
[    0.096007] NMI watchdog: Perf NMI watchdog permanently disabled
[    0.098029] smp: Bringing up secondary CPUs ...
[    0.100007] smp: Brought up 1 node, 1 CPU
[    0.101308] smpboot: Max logical packages: 1
[    0.104008] smpboot: Total of 1 processors activated (5399.99 BogoMIPS)
[    0.107076] devtmpfs: initialized
[    0.108102] x86/mm: Memory block size: 128MB
[    0.112432] evm: security.selinux
[    0.114202] evm: security.SMACK64
[    0.116010] evm: security.SMACK64EXEC
[    0.117951] evm: security.SMACK64TRANSMUTE
[    0.120006] evm: security.SMACK64MMAP
[    0.124006] evm: security.apparmor
[    0.125851] evm: security.ima
[    0.127356] evm: security.capability
[    0.128238] clocksource: jiffies: mask: 0xffffffff max_cycles: 0xffffffff, max_idle_ns: 7645041785100000 ns
[    0.132018] futex hash table entries: 256 (order: 2, 16384 bytes)
[    0.136125] pinctrl core: initialized pinctrl subsystem
[    0.140194] RTC time: 10:31:03, date: 02/23/19
[    0.144238] NET: Registered protocol family 16
[    0.148155] audit: initializing netlink subsys (disabled)
[    0.152316] cpuidle: using governor ladder
[    0.156014] audit: type=2000 audit(1550917867.912:1): state=initialized audit_enabled=0 res=1
[    0.160012] cpuidle: using governor menu
[    0.164207] ACPI: bus type PCI registered
[    0.168008] acpiphp: ACPI Hot Plug PCI Controller Driver version: 0.5
[    0.172137] PCI: Using configuration type 1 for base access
[    0.177087] HugeTLB registered 2.00 MiB page size, pre-allocated 0 pages
[    0.180217] ACPI: Added _OSI(Module Device)
[    0.181568] ACPI: Added _OSI(Processor Device)
[    0.182979] ACPI: Added _OSI(3.0 _SCP Extensions)
[    0.184005] ACPI: Added _OSI(Processor Aggregator Device)
[    0.185705] ACPI: Added _OSI(Linux-Dell-Video)
[    0.188021] ACPI: Added _OSI(Linux-Lenovo-NV-HDMI-Audio)
[    0.196395] ACPI: Executed 1 blocks of module-level executable AML code
[    0.206447] ACPI: Interpreter enabled
[    0.208019] ACPI: (supports S0 S5)
[    0.212004] ACPI: Using IOAPIC for interrupt routing
[    0.216261] PCI: Using host bridge windows from ACPI; if necessary, use "pci=nocrs" and report a bug
[    0.220284] ACPI: Enabled 2 GPEs in block 00 to 07
[    0.236640] ACPI: PCI Root Bridge [PCI0] (domain 0000 [bus 00-ff])
[    0.240044] acpi PNP0A03:00: _OSC: OS supports [ASPM ClockPM Segments MSI]
[    0.244052] acpi PNP0A03:00: _OSC: not requesting OS control; OS requires [ExtendedConfig ASPM ClockPM MSI]
[    0.248023] acpi PNP0A03:00: fail to add MMCONFIG information, can't access extended PCI configuration space under this bridge.
[    0.252495] PCI host bridge to bus 0000:00
[    0.256006] pci_bus 0000:00: root bus resource [io  0x0000-0x0cf7 window]
[    0.260003] pci_bus 0000:00: root bus resource [io  0x0d00-0xffff window]
[    0.262097] pci_bus 0000:00: root bus resource [mem 0x000a0000-0x000bffff window]
[    0.264003] pci_bus 0000:00: root bus resource [mem 0x80000000-0xfdffffff window]
[    0.266400] pci_bus 0000:00: root bus resource [bus 00-ff]
[    0.270929] pci 0000:00:01.1: legacy IDE quirk: reg 0x10: [io  0x01f0-0x01f7]
[    0.272003] pci 0000:00:01.1: legacy IDE quirk: reg 0x14: [io  0x03f6]
[    0.276007] pci 0000:00:01.1: legacy IDE quirk: reg 0x18: [io  0x0170-0x0177]
[    0.280006] pci 0000:00:01.1: legacy IDE quirk: reg 0x1c: [io  0x0376]
[    0.317650] pci 0000:00:07.0: quirk: [io  0x4000-0x403f] claimed by PIIX4 ACPI
[    0.320030] pci 0000:00:07.0: quirk: [io  0x4100-0x410f] claimed by PIIX4 SMB
[    0.342361] ACPI: PCI Interrupt Link [LNKA] (IRQs 5 9 10 *11)
[    0.344363] ACPI: PCI Interrupt Link [LNKB] (IRQs 5 9 *10 11)
[    0.348164] ACPI: PCI Interrupt Link [LNKC] (IRQs 5 *9 10 11)
[    0.352171] ACPI: PCI Interrupt Link [LNKD] (IRQs 5 9 10 *11)
[    0.356441] SCSI subsystem initialized
[    0.360137] pci 0000:00:02.0: vgaarb: setting as boot VGA device
[    0.364000] pci 0000:00:02.0: vgaarb: VGA device added: decodes=io+mem,owns=io+mem,locks=none
[    0.364007] pci 0000:00:02.0: vgaarb: bridge control possible
[    0.368005] vgaarb: loaded
[    0.372052] ACPI: bus type USB registered
[    0.373369] usbcore: registered new interface driver usbfs
[    0.375094] usbcore: registered new interface driver hub
[    0.376016] usbcore: registered new device driver usb
[    0.377668] EDAC MC: Ver: 3.0.0
[    0.380351] PCI: Using ACPI for IRQ routing
[    0.381866] NetLabel: Initializing
[    0.384006] NetLabel:  domain hash size = 128
[    0.388003] NetLabel:  protocols = UNLABELED CIPSOv4 CALIPSO
[    0.389796] NetLabel:  unlabeled traffic allowed by default
[    0.392148] clocksource: Switched to clocksource kvm-clock
[    0.407159] VFS: Disk quotas dquot_6.6.0
[    0.424742] VFS: Dquot-cache hash table entries: 512 (order 0, 4096 bytes)
[    0.428553] AppArmor: AppArmor Filesystem Enabled
[    0.429818] pnp: PnP ACPI init
[    0.432106] pnp: PnP ACPI: found 3 devices
[    0.466641] clocksource: acpi_pm: mask: 0xffffff max_cycles: 0xffffff, max_idle_ns: 2085701024 ns
[    0.476425] NET: Registered protocol family 2
[    0.478042] TCP established hash table entries: 16384 (order: 5, 131072 bytes)
[    0.482142] TCP bind hash table entries: 16384 (order: 6, 262144 bytes)
[    0.487631] TCP: Hash tables configured (established 16384 bind 16384)
[    0.489195] UDP hash table entries: 1024 (order: 3, 32768 bytes)
[    0.490572] UDP-Lite hash table entries: 1024 (order: 3, 32768 bytes)
[    0.492068] NET: Registered protocol family 1
[    0.493276] pci 0000:00:00.0: Limiting direct PCI/PCI transfers
[    0.494674] pci 0000:00:01.0: Activating ISA DMA hang workarounds
[    0.496155] pci 0000:00:02.0: Video device with shadowed ROM at [mem 0x000c0000-0x000dffff]
[    0.498204] Unpacking initramfs...
[    0.774910] Freeing initrd memory: 18972K
[    0.786234] platform rtc_cmos: registered platform RTC device (no PNP device found)
[    0.796963] Scanning for low memory corruption every 60 seconds
[    0.799704] Initialise system trusted keyrings
[    0.801322] Key type blacklist registered
[    0.802709] workingset: timestamp_bits=36 max_order=19 bucket_order=0
[    0.819226] zbud: loaded
[    0.820791] squashfs: version 4.0 (2009/01/31) Phillip Lougher
[    0.823533] fuse init (API version 7.26)
[    0.825589] Key type asymmetric registered
[    0.827434] Asymmetric key parser 'x509' registered
[    0.835543] Block layer SCSI generic (bsg) driver version 0.4 loaded (major 246)
[    0.840443] io scheduler noop registered
[    0.842369] io scheduler deadline registered
[    0.855736] io scheduler cfq registered (default)
[    0.859856] ACPI: AC Adapter [AC] (on-line)
[    0.862182] input: Power Button as /devices/LNXSYSTM:00/LNXPWRBN:00/input/input0
[    0.866963] ACPI: Power Button [PWRF]
[    0.869246] input: Sleep Button as /devices/LNXSYSTM:00/LNXSLPBN:00/input/input1
[    0.874766] ACPI: Sleep Button [SLPF]
[    0.880327] Serial: 8250/16550 driver, 32 ports, IRQ sharing enabled
[    0.910691] ACPI: Battery Slot [BAT0] (battery present)
[    0.914588] 00:02: ttyS0 at I/O 0x3f8 (irq = 4, base_baud = 115200) is a 16550A
[    0.938164] Linux agpgart interface v0.103
[    0.962677] loop: module loaded
[    0.964816] scsi host0: ata_piix
[    0.966111] scsi host1: ata_piix
[    0.974347] ata1: PATA max UDMA/33 cmd 0x1f0 ctl 0x3f6 bmdma 0xd000 irq 14
[    1.007998] ata2: PATA max UDMA/33 cmd 0x170 ctl 0x376 bmdma 0xd008 irq 15
[    1.028004] libphy: Fixed MDIO Bus: probed
[    1.029342] tun: Universal TUN/TAP device driver, 1.6
[    1.030980] PPP generic driver version 2.4.2
[    1.032429] ehci_hcd: USB 2.0 'Enhanced' Host Controller (EHCI) Driver
[    1.034464] ehci-pci: EHCI PCI platform driver
[    1.044205] ehci-platform: EHCI generic platform driver
[    1.055684] ohci_hcd: USB 1.1 'Open' Host Controller (OHCI) Driver
[    1.061731] ohci-pci: OHCI PCI platform driver
[    1.087768] ohci-platform: OHCI generic platform driver
[    1.134910] uhci_hcd: USB Universal Host Controller Interface driver
[    1.161269] i8042: PNP: PS/2 Controller [PNP0303:PS2K,PNP0f03:PS2M] at 0x60,0x64 irq 1,12
[    1.205833] serio: i8042 KBD port at 0x60,0x64 irq 1
[    1.234942] serio: i8042 AUX port at 0x60,0x64 irq 12
[    1.236677] mousedev: PS/2 mouse device common for all mice
[    1.285124] input: AT Translated Set 2 keyboard as /devices/platform/i8042/serio0/input/input2
[    1.294456] rtc_cmos rtc_cmos: rtc core: registered rtc_cmos as rtc0
[    1.308515] rtc_cmos rtc_cmos: alarms up to one day, 114 bytes nvram
[    1.334530] i2c /dev entries driver
[    1.341086] pcie_mp2_amd: AMD(R) PCI-E MP2 Communication Driver Version: 1.0
[    1.357810] device-mapper: uevent: version 1.0.3
[    1.359352] device-mapper: ioctl: 4.37.0-ioctl (2017-09-20) initialised: dm-devel@redhat.com
[    1.407528] ledtrig-cpu: registered to indicate activity on CPUs
[    1.409670] NET: Registered protocol family 10
[    1.413546] Segment Routing with IPv6
[    1.435315] NET: Registered protocol family 17
[    1.440594] Key type dns_resolver registered
[    1.446218] RAS: Correctable Errors collector initialized.
[    1.461743] sched_clock: Marking stable (1461681319, 0)->(3265280670, -1803599351)
[    1.464657] registered taskstats version 1
[    1.466461] Loading compiled-in X.509 certificates
[    1.487174] Loaded X.509 cert 'Build time autogenerated kernel key: fcd93cd0852f7ae1da10896371e06e3c19479c00'
[    1.521552] zswap: loaded using pool lzo/zbud
[    1.525448] Key type big_key registered
[    1.526797] Key type trusted registered
[    1.529350] Key type encrypted registered
[    1.530691] AppArmor: AppArmor sha1 policy hashing enabled
[    1.532493] ima: No TPM chip found, activating TPM-bypass! (rc=-19)
[    1.534631] ima: Allocated hash algorithm: sha1
[    1.551501] evm: HMAC attrs: 0x1
[    1.578004]   Magic number: 7:241:528
[    1.579263] rtc_cmos rtc_cmos: setting system clock to 2019-02-23 10:31:05 UTC (1550917865)
[    1.581945] BIOS EDD facility v0.16 2004-Jun-25, 0 devices found
[    1.583817] EDD information not available.
[    1.587512] Freeing unused kernel memory: 2408K
[    1.600774] Write protecting the kernel read-only data: 20480k
[    1.617952] Freeing unused kernel memory: 2008K
[    1.630487] Freeing unused kernel memory: 1896K
[    1.671027] x86/mm: Checked W+X mappings: passed, no W+X pages found.
[    1.705235] x86/mm: Checking user space page tables
[    1.713161] x86/mm: Checked W+X mappings: passed, no W+X pages found.
Loading, please wait...
starting version 237
[    1.794005] tsc: Refined TSC clocksource calibration: 2710.755 MHz
[    1.815934] clocksource: tsc: mask: 0xffffffffffffffff max_cycles: 0x2712ee5f2b2, max_idle_ns: 440795245382 ns
[    1.871460] e1000: Intel(R) PRO/1000 Network Driver - version 7.3.21-k8-NAPI
[    1.876728] e1000: Copyright (c) 1999-2006 Intel Corporation.
[    1.899137] Fusion MPT base driver 3.04.20
[    1.915873] Copyright (c) 1999-2008 LSI Corporation
[    1.939432] AVX2 version of gcm_enc/dec engaged.
[    1.941266] AES CTR mode by8 optimization enabled
[    2.032817] Fusion MPT SPI Host driver 3.04.20
[    2.134164] input: ImExPS/2 Generic Explorer Mouse as /devices/platform/i8042/serio1/input/input4
[    2.522502] e1000 0000:00:03.0 eth0: (PCI:33MHz:32-bit) 02:0d:76:ba:5b:1c
[    2.535167] e1000 0000:00:03.0 eth0: Intel(R) PRO/1000 Network Connection
[    2.557313] mptbase: ioc0: Initiating bringup
[    2.653089] ioc0: LSI53C1030 A0: Capabilities={Initiator}
[    2.898318] scsi host2: ioc0: LSI53C1030 A0, FwRev=00000000h, Ports=1, MaxQ=256, IRQ=20
[    3.070126] scsi 2:0:0:0: Direct-Access     VBOX     HARDDISK         1.0  PQ: 0 ANSI: 5
[    3.074421] scsi target2:0:0: Beginning Domain Validation
[    3.077154] random: fast init done
[    3.081017] scsi target2:0:0: Domain Validation skipping write tests
[    3.085178] scsi target2:0:0: Ending Domain Validation
[    3.088111] scsi target2:0:0: asynchronous
[    3.091072] scsi 2:0:1:0: Direct-Access     VBOX     HARDDISK         1.0  PQ: 0 ANSI: 5
[    3.112135] scsi target2:0:1: Beginning Domain Validation
[    3.154610] scsi target2:0:1: Domain Validation skipping write tests
[    3.162054] scsi target2:0:1: Ending Domain Validation
[    3.240381] scsi target2:0:1: asynchronous
[    3.347749] sd 2:0:0:0: Attached scsi generic sg0 type 0
[    3.355594] random: systemd-udevd: uninitialized urandom read (16 bytes read)
[    3.378348] sd 2:0:0:0: [sda] 20971520 512-byte logical blocks: (10.7 GB/10.0 GiB)
[    3.380963] sd 2:0:0:0: [sda] Write Protect is off
[    3.382582] sd 2:0:1:0: Attached scsi generic sg1 type 0
[    3.384337] sd 2:0:0:0: [sda] Incomplete mode parameter data
[    3.404709] sd 2:0:0:0: [sda] Assuming drive cache: write through
[    3.415140] sd 2:0:1:0: [sdb] 20480 512-byte logical blocks: (10.5 MB/10.0 MiB)
[    3.442573] sd 2:0:1:0: [sdb] Write Protect is off
[    3.470108] random: systemd-udevd: uninitialized urandom read (16 bytes read)
[    3.484295] sd 2:0:1:0: [sdb] Incomplete mode parameter data
[    3.504946] sd 2:0:1:0: [sdb] Assuming drive cache: write through
[    3.524922] random: systemd-udevd: uninitialized urandom read (16 bytes read)
[    3.529177]  sda: sda1
[    3.538624] sd 2:0:0:0: [sda] Attached SCSI disk
[    3.586494] sd 2:0:1:0: [sdb] Attached SCSI disk
[    3.726657] e1000 0000:00:08.0 eth1: (PCI:33MHz:32-bit) 08:00:27:cc:4d:c2
[    3.746011] e1000 0000:00:08.0 eth1: Intel(R) PRO/1000 Network Connection
[    3.766645] e1000 0000:00:08.0 enp0s8: renamed from eth1
[    3.770172] e1000 0000:00:03.0 enp0s3: renamed from eth0
Begin: Loading essential drivers ... [    5.176612] raid6: sse2x1   gen()  9949 MB/s
[    5.260203] raid6: sse2x1   xor()  7034 MB/s
[    5.328104] raid6: sse2x2   gen()  7945 MB/s
[    5.377049] raid6: sse2x2   xor()  4325 MB/s
[    5.454549] raid6: sse2x4   gen() 16367 MB/s
[    5.514289] raid6: sse2x4   xor() 10629 MB/s
[    5.616540] raid6: avx2x1   gen() 14800 MB/s
[    5.693471] raid6: avx2x1   xor() 13377 MB/s
[    5.760139] raid6: avx2x2   gen() 23718 MB/s
[    5.822159] raid6: avx2x2   xor() 13965 MB/s
[    5.876839] raid6: avx2x4   gen() 25925 MB/s
[    5.934780] raid6: avx2x4   xor() 18080 MB/s
[    5.960903] raid6: using algorithm avx2x4 gen() 25925 MB/s
[    5.988128] raid6: .... xor() 18080 MB/s, rmw enabled
[    5.989712] raid6: using avx2x2 recovery algorithm
[    5.992960] xor: automatically using best checksumming function   avx       
[    6.037017] async_tx: api initialized (async)
done.
Begin: Running /scripts/init-premount ... done.
Begin: Mounting root file system ... Begin: Running /scripts/local-top ... done.
Begin: Running /scripts/local-premount ... [    6.124210] Btrfs loaded, crc32c=crc32c-intel
Scanning for Btrfs filesystems
done.
Warning: fsck not present, so skipping root file system
[    6.191946] EXT4-fs (sda1): mounted filesystem with ordered data mode. Opts: (null)
done.
Begin: Running /scripts/local-bottom ... done.
Begin: Running /scripts/init-bottom ... done.
[    6.371782] ip_tables: (C) 2000-2006 Netfilter Core Team
[    6.382261] systemd[1]: systemd 237 running in system mode. (+PAM +AUDIT +SELINUX +IMA +APPARMOR +SMACK +SYSVINIT +UTMP +LIBCRYPTSETUP +GCRYPT +GNUTLS +ACL +XZ +LZ4 +SECCOMP +BLKID +ELFUTILS +KMOD -IDN2 +IDN -PCRE2 default-hierarchy=hybrid)
[    6.401933] systemd[1]: Detected virtualization oracle.
[    6.403653] systemd[1]: Detected architecture x86-64.

Welcome to [1mUbuntu 18.04.1 LTS[0m!

[    6.410339] systemd[1]: Set hostname to <ubuntu-bionic>.
[    6.700726] systemd[1]: Reached target Swap.
[[0;32m  OK  [0m] Reached target Swap.
[    6.704393] systemd[1]: Set up automount Arbitrary Executable File Formats File System Automount Point.
[[0;32m  OK  [0m] Set up automount Arbitrary Executabâ€¦rmats File System Automount Point.
[    6.712635] systemd[1]: Started Forward Password Requests to Wall Directory Watch.
[[0;32m  OK  [0m] Started Forward Password Requests to Wall Directory Watch.
[    6.737773] systemd[1]: Created slice System Slice.
[[0;32m  OK  [0m] Created slice System Slice.
[    6.793771] systemd[1]: Listening on Journal Socket (/dev/log).
[[0;32m  OK  [0m] Listening on Journal Socket (/dev/log).
[    6.841619] systemd[1]: Listening on /dev/initctl Compatibility Named Pipe.
[[0;32m  OK  [0m] Listening on /dev/initctl Compatibility Named Pipe.
[[0;32m  OK  [0m] Created slice system-serial\x2dgetty.slice.
[[0;32m  OK  [0m] Listening on LVM2 poll daemon socket.
[[0;32m  OK  [0m] Listening on udev Control Socket.
[[0;32m  OK  [0m] Listening on Device-mapper event daemon FIFOs.
[[0;32m  OK  [0m] Listening on udev Kernel Socket.
[[0;32m  OK  [0m] Listening on Journal Audit Socket.
[[0;32m  OK  [0m] Listening on Journal Socket.
         Mounting POSIX Message Queue File System...
         Mounting Huge Pages File System...
         Starting Uncomplicated firewall...
         Starting Load Kernel Modules...
         Starting udev Coldplug all Devices...
[[0;32m  OK  [0m] Listening on Syslog Socket.
[    7.046560] Loading iSCSI transport class v2.0-870.
         Starting Create list of required stâ€¦ce nodes f[    7.114136] iscsi: registered transport (tcp)
or the current kernel...
         Starting Journal Service...
[    7.137077] iscsi: registered transport (iser)
         Mounting Kernel Debug File System...
[[0;32m  OK  [0m] Reached target User and Group Name Lookups.
[[0;32m  OK  [0m] Created slice User and Session Slice.
[[0;32m  OK  [0m] Reached target Slices.
[[0;32m  OK  [0m] Listening on Network Service Netlink Socket.
[[0;32m  OK  [0m] Reached target System Time Synchronized.
         Starting Set the console keyboard layout...
[[0;32m  OK  [0m] Listening on LVM2 metadata daemon socket.
         Starting Monitoring of LVM2 mirrorsâ€¦ng dmeventd or progress polling...
         Starting Remount Root and Kernel File Systems...
[[0;32m  OK  [0m] Started Journal Service.
[[0;32m  OK  [0m] Mounted POSIX Message Queue File System.
[[0;32m  OK  [0m] Mounted Huge [    7.360568] EXT4-fs (sda1): re-mounted. Opts: (null)
Pages File System.
[[0;32m  OK  [0m] Started Uncomplicated firewall.
[[0;32m  OK  [0m] Started Load Kernel Modules.
[[0;32m  OK  [0m] Started Create list of required staâ€¦vice nodes for the current kernel.
[[0;32m  OK  [0m] Mounted Kernel Debug File System.
[[0;32m  OK  [0m] Started Set the console keyboard layout.
[[0;32m  OK  [0m] Started Remount Root and Kernel File Systems.
[[0;32m  OK  [0m] Started udev Coldplug all Devices.
[[0;32m  OK  [0m] Started LVM2 metadata daemon.
         Starting Load/Save Random Seed...
         Starting Initial cloud-init job (pre-networking)...
         Starting Create Static Device Nodes in /dev...
         Starting Apply Kernel Variables...
         Mounting FUSE Control File System...
         Mounting Kernel Configuration File System...
         Starting Flush Journal to Persistent Storage...
[[0;32m  OK  [0m] Started Monitoring of LVM2 mirrors,â€¦sing dmeventd or progress polling.
[[0;32m  OK  [0m] Started Load/Save Random Seed.
[[0;32m  OK  [0m] Mounted FUSE Control File System.
[[0;32m  OK  [0m] Mounted Kernel Configuration File System.
[    7.736181] systemd-journald[392]: Received request to flush runtime journal from PID 1
[    7.762676] random: crng init done
[    7.766078] random: 7 urandom warning(s) missed due to ratelimiting
[[0;32m  OK  [0m] Started Create Static Device Nodes in /dev.
         Starting udev Kernel Device Manager...
[[0;32m  OK  [0m] Reached target Local File Systems (Pre).
[[0;32m  OK  [0m] Reached target Local File Systems.
         Starting Tell Plymouth To Write Out Runtime Data...
         Starting Set console font and keymap...
         Starting ebtables ruleset management...
         Starting AppArmor initialization...
[[0;32m  OK  [0m] Started Apply Kernel Variables.
[[0;32m  OK  [0m] Started Tell Plymouth To Write Out Runtime Data.
[[0;32m  OK  [0m] Started Set console font and keymap.
[[0;32m  OK  [0m] Started udev Kernel Device Manager.
[[0;32m  OK  [0m] Started Dispatch Password Requests to Console Directory Watch.
[[0;32m  OK  [0m] Reached target Local Encrypted Volumes.
[[0;32m  OK  [0m] Started Flush Journal to Persistent Storage.
         Starting Create Volatile Files and Directories...
[[0;32m  OK  [0m] Started Create Volatile Files and Directories.
         Starting Update UTMP about System Boot/Shutdown...
[[0;32m  OK  [0m] Started Update UTMP about System Boot/Shutdown.
[[0;32m  OK  [0m] Started ebtables ruleset management.
[[0;32m  OK  [0m] Started AppArmor initialization.
[[0;32m  OK  [0m] Found device /dev/ttyS0.
[[0;32m  OK  [0m] Listening on Load/Save RF Kill Switch Status /dev/rfkill Watch.
[    9.561738] cloud-init[409]: Cloud-init v. 18.3-9-g2e62cb8a-0ubuntu1~18.04.2 running 'init-local' at Sat, 23 Feb 2019 10:31:13 +0000. Up 9.25 seconds.
[[0;32m  OK  [0m] Started Initial cloud-init job (pre-networking).
[[0;32m  OK  [0m] Reached target Network (Pre).
         Starting Network Service...
[[0;32m  OK  [0m] Started Network Service.
         Starting Network Name Resolution...
         Starting Wait for Network to be Configured...
[[0;32m  OK  [0m] Started Network Name Resolution.
[[0;32m  OK  [0m] Reached target Host and Network Name Lookups.
[[0;32m  OK  [0m] Reached target Network.
[[0;32m  OK  [0m] Started Wait for Network to be Configured.
         Starting Initial cloud-init job (metadata service crawler)...
[   12.538084] cloud-init[629]: Cloud-init v. 18.3-9-g2e62cb8a-0ubuntu1~18.04.2 running 'init' at Sat, 23 Feb 2019 10:31:15 +0000. Up 11.74 seconds.
[   12.583020] cloud-init[629]: ci-info: ++++++++++++++++++++++++++++++++++++++Net device info++++++++++++++++++++++++++++++++++++++
[   12.601803] cloud-init[629]: ci-info: +--------+-------+---------------------------+---------------+--------+-------------------+
[   12.612866] cloud-init[629]: ci-info: | Device |   Up  |          Address          |      Mask     | Scope  |     Hw-Address    |
[   12.633535] cloud-init[629]: ci-info: +--------+-------+---------------------------+---------------+--------+-------------------+
[   12.653745] cloud-init[629]: ci-info: | enp0s3 |  True |         10.0.2.15         | 255.255.255.0 | global | 02:0d:76:ba:5b:1c |
[[0;32m  OK  [0m] Started Initial cloud-init job (metadata service crawler).[   12.719758] cloud-init
[[0;32m  OK  [0m] Reached target Cloud-config availability.[629]: ci-info: | enp0s3 |  True | fe80::d:76ff:feba:5b1c/64 |       .       |  link  | 02:0d:76:ba:5b:1c |
[[0;32m  OK  [0m] Reached target System Initialization.
[   12.750340] cloud-init[629]: ci-info: | enp0s8 | False |             .             |       .       |   .    | 08:00:27:cc:4d:c2 |
[   12.750694] cloud-init[629]: ci-info: |   lo   |  True |         127.0.0.1         |   255.0.0.0   |  host  |         .         |

[[0;32m  OK  [0m] Started ACPI Events Check.
[[0;32m  OK  [0m] Started Discard unused blocks once a week.
[[0;32m  OK  [0m] Listening on D-Bus System Message Bus Socket.
[[0;32m  OK  [0m[   12.805518] cloud-init[629]: ci-info: |   lo   |  True |          ::1/128          |       .       |  host  |         .         |
[   12.821464] cloud-init[629]: ci-info: +--------+-------+---------------------------+---------------+--------+-------------------+
[   12.821534] cloud-init[629]: ci-info: ++++++++++++++++++++++++++++Route IPv4 info+++++++++++++++++++++++++++++
[   12.821602] cloud-init[629]: ci-info: +-------+-------------+----------+-----------------+-----------+-------+
[   12.821645] cloud-init[629]: ci-info: | Route | Destination | Gateway  |     Genmask     | Interface | Flags |
[   12.821683] cloud-init[629]: ci-info: +-------+-------------+----------+-----------------+-----------+-------+
[   12.821720] cloud-init[629]: ci-info: |   0   |   0.0.0.0   | 10.0.2.2 |     0.0.0.0     |   enp0s3  |   UG  |
[   12.821765] cloud-init[629]: ci-info: |   1   |   10.0.2.0  | 0.0.0.0  |  255.255.255.0  |   enp0s3  |   U   |
[   12.821838] cloud-init[629]: ci-info: |   2   |   10.0.2.2  | 0.0.0.0  | 255.255.255.255 |   enp0s3  |   UH  |
[   12.821888] cloud-init[629]: ci-info: +-------+-------------+----------+-----------------+-----------+-------+
[   12.822457] cloud-init[629]: ci-info: +++++++++++++++++++Route IPv6 info+++++++++++++++++++
[   12.822513] cloud-init[629]: ci-info: +-------+-------------+---------+-----------+-------+
[   12.822568] cloud-init[629]: ci-info: | Route | Destination | Gateway | Interface | Flags |
[   12.822603] cloud-init[629]: ci-info: +-------+-------------+---------+-----------+-------+
[   12.822688] cloud-init[629]: ci-info: |   1   |  fe80::/64  |    ::   |   enp0s3  |   U   |
[   12.822726] cloud-init[629]: ci-info: |   3   |    local    |    ::   |   enp0s3  |   U   |
[   12.822759] cloud-init[629]: ci-info: |   4   |   ff00::/8  |    ::   |   enp0s3  |   U   |
[   12.822806] cloud-init[629]: ci-info: +-------+-------------+---------+-----------+-------+
] Listening on ACPID Listen Socket.
         Starting LXD - unix socket.
[[0;32m  OK  [0m] Started Daily apt download activities.
[[0;32m  OK  [0m] Started Daily apt upgrade and clean activities.
[[0;32m  OK  [0m] Listening on UUID daemon activation socket.
[[0;32m  OK  [0m] Started Message of the Day.
[[0;32m  OK  [0m] Reached target Paths.
[[0;32m  OK  [0m] Started Daily Cleanup of Temporary Directories.
[[0;32m  OK  [0m] Reached target Timers.
         Starting Socket activation for snappy daemon.
[[0;32m  OK  [0m] Listening on Open-iSCSI iscsid Socket.
[[0;32m  OK  [0m] Reached target Network is Online.
[[0;32m  OK  [0m] Reached target Remote File Systems (Pre).
[[0;32m  OK  [0m] Reached target Remote File Systems.
         Starting Availability of block devices...
[[0;32m  OK  [0m] Listening on LXD - unix socket.
[[0;32m  OK  [0m] Listening on Socket activation for snappy daemon.
[[0;32m  OK  [0m] Started Availability of block devices.
[[0;32m  OK  [0m] Reached target Sockets.
[[0;32m  OK  [0m] Reached target Basic System.
[[0;32m  OK  [0m] Started Regular background program processing daemon.
         Starting Permit User Sessions...
         Starting System Logging Service...
         Starting vboxadd.service...
         Starting Accounts Service...
[[0;32m  OK  [0m] Started Deferred execution scheduler.
         Starting LSB: Record successful boot for GRUB...
         Starting Login Service...
[[0;32m  OK  [0m] Started Unattended Upgrades Shutdown.
[[0;32m  OK  [0m] Started D-Bus System Message Bus.
[[0;32m  OK  [0m] Started Login Service.
         Starting Dispatcher daemon for systemd-networkd...
         Starting Snappy daemon...
         Starting OpenBSD Secure Shell server...
         Starting LSB: automatic crash report generation...
[[0;32m  OK  [0m] Started irqbalance daemon.
[[0;32m  OK  [0m] Started FUSE filesystem for LXC.
         Starting LXD - container startup/shutdown...
[[0;32m  OK  [0m] Started System Logging Service.
[[0;32m  OK  [0m] Started Permit User Sessions.
         Starting Authorization Manager...
         Starting Terminate Plymouth Boot Screen...
         Starting Hold until boot process finishes up...
[[0;32m  OK  [0m] Started Hold until boot process finishes up.
         Starting Set console scheme...
[[0;32m  OK  [0m] Started Serial Getty on ttyS0.
[[0;32m  OK  [0m] Started Terminate Plymouth Boot Screen.
[[0;32m  OK  [0m] Started Set console scheme.
[[0;32m  OK  [0m] Created slice system-getty.slice.
[[0;32m  OK  [0m] Started Getty on tty1.
[[0;32m  OK  [0m] Reached target Login Prompts.
[[0;32m  OK  [0m] Started LSB: automatic crash report generation.
[[0;32m  OK  [0m] Started OpenBSD Secure Shell server.
[[0;32m  OK  [0m] Started LSB: Record successful boot for GRUB.
[[0;32m  OK  [0m] Started Authorization Manager.
[[0;32m  OK  [0m] Started Accounts Service.
[[0;32m  OK  [0m] Started Snappy daemon.
         Starting Wait until snapd is fully seeded...
[[0;32m  OK  [0m] Started Wait until snapd is fully seeded.
[[0;32m  OK  [0m] Created slice User Slice of vagrant.
         Starting Apply the settings specified in cloud-config...
[[0;32m  OK  [0m] Started LXD - container startup/shutdown.
         Starting User Manager for UID 1000...
[[0;32m  OK  [0m] Started Session 1 of user vagrant.
[[0;32m  OK  [0m] Started User Manager for UID 1000.
[[0;32m  OK  [0m] Started Dispatcher daemon for systemd-networkd.
[[0;32m  OK  [0m] Started vboxadd.service.
         Starting vboxadd-service.service...
[[0;32m  OK  [0m] Started vboxadd-service.service.
[[0;32m  OK  [0m] Reached target Multi-User System.
[[0;32m  OK  [0m] Reached target Graphical Interface.
         Starting Update UTMP about System Runlevel Changes...
[[0;32m  OK  [0m] Started Update UTMP about System Runlevel Changes.
[   16.283287] cloud-init[798]: Cloud-init v. 18.3-9-g2e62cb8a-0ubuntu1~18.04.2 running 'modules:config' at Sat, 23 Feb 2019 10:31:19 +0000. Up 16.04 seconds.
[[0;32m  OK  [0m] Started Apply the settings specified in cloud-config.
         Starting Execute cloud user/final scripts...
[   17.175149] cloud-init[1018]: Cloud-init v. 18.3-9-g2e62cb8a-0ubuntu1~18.04.2 running 'modules:final' at Sat, 23 Feb 2019 10:31:20 +0000. Up 17.00 seconds.
[   17.207268] cloud-init[1018]: Cloud-init v. 18.3-9-g2e62cb8a-0ubuntu1~18.04.2 finished at Sat, 23 Feb 2019 10:31:21 +0000. Datasource DataSourceNoCloud [seed=/dev/sdb][dsmode=net].  Up 17.15 seconds
[[0;32m  OK  [0m] Started Execute cloud user/final scripts.
[[0;32m  OK  [0m] Reached target Cloud-init target.

Ubuntu 18.04.1 LTS ubuntu-bionic ttyS0

ubuntu-bionic login: [[0;32m  OK  [0m] Stopped target Timers.
         Stopping Session 5 of user vagrant.
         Stopping Authorization Manager...
         Stopping Session 3 of user vagrant.
[[0;32m  OK  [0m] Stopped target Host and Network Name Lookups.
[[0;32m  OK  [0m] Closed Load/Save RF Kill Switch Status /dev/rfkill Watch.
[[0;32m  OK  [0m] Stopped Discard unused blocks once a week.
[[0;32m  OK  [0m] Stopped Message of the Day.
         Stopping User Manager for UID 1000...
[[0;32m  OK  [0m] Stopped target Graphical Interface.
         Stopping Accounts Service...
[[0;32m  OK  [0m] Stopped Daily Cleanup of Temporary Directories.
         Stopping Availability of block devices...
[[0;32m  OK  [0m] Stopped Daily apt upgrade and clean activities.
[[0;32m  OK  [0m] Stopped Daily apt download activities.
[[0;32m  OK  [0m] Stopped target System Time Synchronized.
[[0;32m  OK  [0m] Stopped target Cloud-init target.
[[0;32m  OK  [0m] Stopped Execute cloud user/final scripts.
[[0;32m  OK  [0m] Stopped target Multi-User System.
         Stopping LXD - container startup/shutdown...
         Stopping LSB: automatic crash report generation...
         Stopping LSB: Record successful boot for GRUB...
         Stopping Unattn         Stopping System Logging Service...
[[0;32m  OK  [0m] Stopped Accounts Service.
[[0;32m  OK  [0m] Unmounted /var/lib/lxcfs.
[[0;32m  OK  [0m] Stopped Deferred execution scheduler.
[[0;32m  OK  [0m] Stopped Dispatcher daemon for systemd-networkd.
[[0;32m  OK  [0m] Stopped Snappy daemon.
[[0;32m  OK  [0m] Stopped OpenBSD Secure Shell server.
[[0;32m  OK  [0m] Stopped Authorization Manager.
[[0;32m  OK  [0m] Stopped Serial Getty on ttyS0.
[[0;32m  OK  [0m] Stopped Getty on tty1.
[[0;32m  OK  [0m] Stopped User Manager for UID 1000.
[[0;32m  OK  [0m] Stopped Availability of block devices.
[[0;32m  OK  [0m] Stopped D-Bus System Message Bus.
[[0;32m  OK  [0m] Stopped FUSE filesystem for LXC.
[[0;32m  OK  [0m] Stopped Session 3 of user vagrant.
[[0;32m  OK  [0m] Stopped Unattended Upgrades Shutdown.
[[0;32m  OK  [0m] Stopped Session 5 of user vagrant.
[[0;32m  OK  [0m] Removed slice User Slice of vagrant.
         Stopping Login Service...
[[0;32m  OK  [0m] Removed slice system-getty.slice.
         Stopping Permit User Sessions...
[[0;32m  OK  [0m] Removed slice system-serial\x2dgetty.slice.
[[0;32m  OK  [0m] Stopped Login Service.
[[0;32m  OK  [0m] Stopped LXD - container startup/shutdown.
[[0;32m  OK  [0m] Stopped LSB: automatic crash report generation.
[[0;32m  OK  [0m] Stopped vboxadd-service.service.
[[0;32m  OK  [0m] Stopped Permit User Sessions.
[[0;32m  OK  [0m] Stopped target Network.
         Stopping Network Name Resolution...
         Stopping vboxadd.service...
[[0;32m  OK  [0m] Stopped target Remote File Systems.
[[0;32m  OK  [0m] Stopped target Remote File Systems (Pre).
[[0;32m  OK  [0m] Stopped target User and Group Name Lookups.
[[0;32m  OK  [0m] Stopped Network Name Resolution.
[[0;32m  OK  [0m] Stopped LSB: Record successful boot for GRUB.
         Stopping Network Service...
[[0;32m  OK  [0m] Stopped Network Service.
[[0;32m  OK  [0m] Stopped target Network (Pre).
[[0;32m  OK  [0m] Unmounted /vagrant.
[[0;32m  OK  [0m] Stopped vboxadd.service.
[[0;32m  OK  [0m] Stopped target Basic System.
[[0;32m  OK  [0m] Stopped target Sockets.
[[0;32m  OK  [0m] Closed D-Bus System Message Bus Socket.
[[0;32m  OK  [0m] Closed ACPID Listen Socket.
[[0;32m  OK  [0m] Closed Socket activation for snappy daemon.
[[0;32m  OK  [0m] Closed UUID daemon activation socket.
[[0;32m  OK  [0m] Closed LXD - unix socket.
[[0;32m  OK  [0m] Closed Syslog Socket.
[[0;32m  OK  [0m] Closed Open-iSCSI iscsid Socket.
[[0;32m  OK  [0m] Stopped target Paths.
[[0;32m  OK  [0m] Stopped ACPI Events Check.
[[0;32m  OK  [0m] Stopped target System Initialization.
[[0;32m  OK  [0m] Stopped Initial cloud-init job (metadata service crawler).
[[0;32m  OK  [0m] Stopped target Local Encrypted Volumes.
[[0;32m  OK  [0m] Stopped Forward Password Requests to Wall Directory Watch.
[[0;32m  OK  [0m] Stopped Dispatch Password Requests to Console Directory Watch.
         Stopping Load/Save Random Seed...
[[0;32m  OK  [0m] Stopped Initial cloud-init job (pre-networking).
         Stopping Update UTMP about System Boot/Shutdown...
[[0;32m  OK  [0m] Stopped Apply Kernel Variables.
[[0;32m  OK  [0m] Stopped Load Kernel Modules.
[[0;32m  OK  [0m] Stopped target Slices.
[[0;32m  OK  [0m] Removed slice User and Session Slice.
[[0;32m  OK  [0m] Stopped Load/Save Random Seed.
[[0;32m  OK  [0m] Stopped Update UTMP about System Boot/Shutdown.
[[0;32m  OK  [0m] Stopped Create Volatile Files and Directories.
[[0;32m  OK  [0m] Stopped target Local File Systems.
         Unmounting /run/user/1000...
[[0;32m  OK  [0m] Unmounted /run/user/1000.
[[0;32m  OK  [0m] Reached target Unmount All Filesystems.
[[0;32m  OK  [0m] Stopped target Swap.
[[0;32m  OK  [0m] Stopped target Local File Systems (Pre).
         Stopping Monitoring of LVM2 mirrorsâ€¦ng dmeventd or progress polling...
[[0;32m  OK  [0m] Stopped Remount Root and Kernel File Systems.
[[0;32m  OK  [0m] Stopped Create Static Device Nodes in /dev.
[[0;32m  OK  [0m] Reached target Shutdown.
[[0;32m  OK  [0m] Reached target Final Step.
         Starting Power-Off...
[[0;32m  OK  [0m] Stopped Monitoring of LVM2 mirrors,â€¦sing dmeventd or progress polling.
         Stopping LVM2 metadata daemon...
[[0;32m  OK  [0m] Stopped LVM2 metadata daemon.
[ 1636.503453] reboot: Power down
